hello
/projects/bejr/janezdu/sparseIRM-resnet-ver/.venv/bin/python
34
epoch           train_acc       test_acc        time         
10              0.83450         0.76100         47.59047     
20              0.63730         0.59100         6.47495      
30              0.65270         0.61400         6.48030      
40              0.62880         0.59600         6.48190      
50              0.50000         0.50000         8.83558      
0               0.50000         0.50000         75.86381     
epoch           train_acc       test_acc        time         
10              0.83830         0.74400         7.77321      
20              0.67150         0.61300         6.59353      
30              0.67280         0.60300         6.60499      
40              0.66930         0.61000         6.61234      
50              0.50000         0.50000         7.46660      
0               0.50000         0.50000         35.05127     
epoch           train_acc       test_acc        time         
10              0.84290         0.76000         7.35117      
20              0.69350         0.64100         6.53275      
30              0.50290         0.50100         6.51933      
40              0.51740         0.51700         6.51712      
50              0.62220         0.60700         7.33743      
0               0.62220         0.60700         34.25847     
epoch           train_acc       test_acc        time         
10              0.84040         0.74900         7.62903      
20              0.69090         0.60300         6.51319      
30              0.67610         0.59200         6.49680      
40              0.66850         0.60700         6.50949      
50              0.50000         0.50000         7.36015      
0               0.50000         0.50000         34.50928     
epoch           train_acc       test_acc        time         
10              0.81560         0.76500         7.38933      
20              0.69730         0.65800         6.60643      
30              0.67390         0.63800         6.62299      
40              0.66010         0.62000         6.61866      
50              0.69120         0.67300         7.47485      
0               0.69120         0.67300         34.71286     
epoch           train_acc       test_acc        time         
10              0.82700         0.76700         7.27240      
20              0.70590         0.67300         6.47755      
30              0.66890         0.63500         6.51631      
40              0.63310         0.60500         6.50874      
50              0.52470         0.50900         7.36291      
0               0.52470         0.50900         34.13848     
epoch           train_acc       test_acc        time         
10              0.83360         0.75400         7.33876      
20              0.63620         0.61800         6.52101      
30              0.56810         0.54600         6.49254      
40              0.57120         0.54000         6.54236      
50              0.57460         0.55400         7.40693      
0               0.57460         0.55400         34.30215     
epoch           train_acc       test_acc        time         
10              0.83640         0.75700         7.36013      
20              0.70130         0.67500         6.57622      
30              0.67490         0.65600         6.56565      
40              0.64030         0.59400         6.56607      
50              0.54220         0.52400         7.42576      
0               0.54220         0.52400         34.49442     
epoch           train_acc       test_acc        time         
10              0.84350         0.75600         7.38635      
20              0.69660         0.64600         6.57915      
30              0.57750         0.54800         6.59054      
40              0.55500         0.52500         6.58008      
50              0.58400         0.55300         7.43881      
0               0.58400         0.55300         34.57566     
epoch           train_acc       test_acc        time         
10              0.83540         0.76100         7.39437      
20              0.55040         0.53100         6.45111      
30              0.61600         0.58700         6.49459      
40              0.60850         0.57100         6.63510      
50              0.59480         0.57100         7.36719      
0               0.59480         0.57100         34.34307     
85
epoch           train_acc       test_acc        time         
10              0.84400         0.76200         7.36994      
20              0.70990         0.64600         6.61658      
30              0.67200         0.63700         6.52170      
40              0.60540         0.59200         6.57355      
50              0.67410         0.64900         7.30183      
0               0.67410         0.64900         34.38414     
epoch           train_acc       test_acc        time         
10              0.83760         0.76100         7.28424      
20              0.68990         0.64500         6.61364      
30              0.69900         0.64100         6.61427      
40              0.53740         0.53300         6.67414      
50              0.62020         0.59800         7.55268      
0               0.62020         0.59800         34.73971     
epoch           train_acc       test_acc        time         
10              0.82540         0.75100         7.48125      
20              0.65420         0.61500         6.59877      
30              0.56030         0.53400         6.56055      
40              0.56170         0.53000         6.55656      
50              0.58060         0.56400         7.43830      
0               0.58060         0.56400         34.63617     
epoch           train_acc       test_acc        time         
10              0.82240         0.73600         7.28006      
20              0.70650         0.63200         6.45755      
30              0.69580         0.64400         6.47715      
40              0.70500         0.64800         6.46534      
50              0.49940         0.50200         7.33909      
0               0.49940         0.50200         34.01981     
epoch           train_acc       test_acc        time         
10              0.83070         0.72400         7.27122      
20              0.62500         0.59500         6.45875      
30              0.58430         0.54900         6.53483      
40              0.54740         0.51600         6.57934      
50              0.78520         0.72200         7.50029      
0               0.78520         0.72200         34.34520     
epoch           train_acc       test_acc        time         
10              0.84290         0.75800         7.36792      
20              0.70210         0.66900         6.51743      
30              0.65680         0.62100         6.53119      
40              0.66100         0.61700         6.51055      
50              0.57230         0.54700         7.39389      
0               0.57230         0.54700         34.32171     
epoch           train_acc       test_acc        time         
10              0.82820         0.76100         7.34090      
20              0.47630         0.44200         6.55276      
30              0.52090         0.49400         6.55067      
40              0.52110         0.49700         6.54625      
50              0.50000         0.50000         7.63730      
0               0.50000         0.50000         34.62869     
epoch           train_acc       test_acc        time         
10              0.83080         0.74800         7.41186      
20              0.63710         0.57500         6.60425      
30              0.61380         0.54300         6.57792      
40              0.58010         0.53800         6.58389      
50              0.71340         0.65600         7.46157      
0               0.71340         0.65600         34.64010     
epoch           train_acc       test_acc        time         
10              0.83770         0.76100         7.40479      
20              0.75000         0.68400         6.60172      
30              0.69500         0.63700         6.56971      
40              0.66050         0.63300         6.55020      
50              0.62470         0.59200         7.43373      
0               0.62470         0.59200         34.56081     
epoch           train_acc       test_acc        time         
10              0.83350         0.74000         7.33017      
20              0.58660         0.58200         6.58062      
30              0.52830         0.51400         6.65094      
40              0.48790         0.46400         6.57763      
50              0.59800         0.58100         7.40413      
0               0.59800         0.58100         34.54417     
70
epoch           train_acc       test_acc        time         
10              0.81250         0.73700         7.34361      
20              0.59950         0.56100         6.60966      
30              0.53810         0.50000         6.67830      
40              0.52390         0.49000         6.70808      
50              0.50000         0.50000         7.48582      
0               0.50000         0.50000         34.82620     
epoch           train_acc       test_acc        time         
10              0.83410         0.75800         7.40867      
20              0.65030         0.62400         6.58571      
30              0.61290         0.59600         6.59224      
40              0.56700         0.54600         6.57393      
50              0.54650         0.54500         7.47155      
0               0.54650         0.54500         34.63285     
epoch           train_acc       test_acc        time         
10              0.83950         0.75000         7.40757      
20              0.58720         0.55200         6.59093      
30              0.44530         0.44700         6.59732      
40              0.42590         0.44500         6.57960      
50              0.50000         0.50000         7.46002      
0               0.50000         0.50000         34.63615     
epoch           train_acc       test_acc        time         
10              0.83390         0.75800         7.29050      
20              0.65980         0.64700         6.55580      
30              0.53520         0.52300         6.51089      
40              0.50860         0.51300         6.48161      
50              0.63760         0.63700         7.37846      
0               0.63760         0.63700         34.21783     
epoch           train_acc       test_acc        time         
10              0.82490         0.75600         7.25597      
20              0.77140         0.68800         6.45965      
30              0.73240         0.66200         6.48568      
40              0.68290         0.61900         6.45995      
50              0.50000         0.50000         7.31119      
0               0.50000         0.50000         33.97313     
epoch           train_acc       test_acc        time         
10              0.81800         0.74000         7.38064      
20              0.70390         0.65900         6.58443      
30              0.69320         0.64400         6.59051      
40              0.68930         0.65200         6.57125      
50              0.50930         0.50200         7.43666      
0               0.50930         0.50200         34.56420     
epoch           train_acc       test_acc        time         
10              0.84020         0.75700         7.92035      
20              0.68320         0.63200         6.88995      
30              0.69040         0.64500         6.87348      
40              0.65460         0.61400         6.85806      
50              0.64790         0.61700         7.75889      
0               0.64790         0.61700         36.30142     
epoch           train_acc       test_acc        time         
10              0.83930         0.76700         7.48090      
20              0.73840         0.68600         6.66925      
30              0.73110         0.66400         6.65414      
40              0.69550         0.63800         6.65382      
50              0.50000         0.50000         7.51612      
0               0.50000         0.50000         34.97479     
epoch           train_acc       test_acc        time         
10              0.82680         0.75000         7.27357      
20              0.59310         0.55600         6.48113      
30              0.49990         0.45400         6.47301      
40              0.48760         0.44500         6.47179      
50              0.50000         0.50000         7.32444      
0               0.50000         0.50000         34.02450     
epoch           train_acc       test_acc        time         
10              0.83600         0.73500         7.35240      
20              0.66200         0.60200         6.72001      
30              0.73360         0.66400         6.56888      
40              0.69570         0.62500         6.54962      
50              0.66700         0.62100         7.41786      
0               0.66700         0.62100         34.60933     
50
epoch           train_acc       test_acc        time         
10              0.82460         0.74600         7.36434      
20              0.54790         0.50500         6.56309      
30              0.48610         0.43900         6.55212      
40              0.47950         0.43600         6.52241      
50              0.50000         0.50000         7.40169      
0               0.50000         0.50000         34.40425     
epoch           train_acc       test_acc        time         
10              0.82320         0.74900         7.39976      
20              0.63860         0.59000         6.57259      
30              0.58970         0.55500         6.58912      
40              0.57570         0.54000         6.57444      
50              0.64090         0.59600         7.48048      
0               0.64090         0.59600         34.61697     
epoch           train_acc       test_acc        time         
10              0.83610         0.75900         7.29810      
20              0.57810         0.53600         6.49057      
30              0.54380         0.50700         6.48953      
40              0.54830         0.51000         6.45582      
50              0.67090         0.61200         7.33649      
0               0.67090         0.61200         34.07113     
epoch           train_acc       test_acc        time         
10              0.83830         0.74700         7.33179      
20              0.67980         0.61800         6.52954      
30              0.69600         0.64400         6.54174      
40              0.64290         0.58900         6.52942      
50              0.57840         0.55600         7.42535      
0               0.57840         0.55600         34.35858     
epoch           train_acc       test_acc        time         
10              0.82870         0.75200         7.41495      
20              0.57190         0.52400         6.62227      
30              0.50180         0.46500         6.62836      
40              0.48970         0.46600         6.61268      
50              0.50000         0.50000         7.51332      
0               0.50000         0.50000         34.79216     
epoch           train_acc       test_acc        time         
10              0.81570         0.75500         7.42745      
20              0.77670         0.71700         6.61799      
30              0.78280         0.70500         6.60042      
40              0.74190         0.69300         6.59659      
50              0.68220         0.64300         7.50365      
0               0.68220         0.64300         34.74671     
epoch           train_acc       test_acc        time         
10              0.83050         0.74300         7.27044      
20              0.59910         0.56600         6.46138      
30              0.47620         0.43100         6.47090      
40              0.47540         0.46100         6.46528      
50              0.63860         0.61300         7.32179      
0               0.63860         0.61300         33.99046     
epoch           train_acc       test_acc        time         
10              0.82570         0.75100         7.40630      
20              0.69710         0.67600         6.57755      
30              0.64300         0.63700         6.60435      
40              0.64180         0.65500         6.58126      
50              0.66690         0.66300         7.47730      
0               0.66690         0.66300         34.64734     
epoch           train_acc       test_acc        time         
10              0.82830         0.74900         7.27586      
20              0.56720         0.50100         6.47360      
30              0.53180         0.48600         6.49681      
40              0.51900         0.47500         6.53384      
50              0.50000         0.50000         7.44799      
0               0.50000         0.50000         34.22887     
epoch           train_acc       test_acc        time         
10              0.81170         0.73900         7.55610      
20              0.62110         0.61200         6.78060      
30              0.55910         0.55000         6.73401      
40              0.53570         0.50900         6.69311      
50              0.67740         0.65400         7.42148      
0               0.67740         0.65400         35.18589     
