hello
/projects/bejr/janezdu/sparseIRM-resnet-ver/.venv/bin/python
54
epoch           train_acc       test_acc        time         
10              0.83560         0.77000         9.71443      
20              0.62900         0.60800         6.60130      
30              0.55600         0.54000         6.59904      
40              0.53290         0.51300         6.60416      
50              0.50220         0.50100         7.64652      
0               0.50220         0.50100         37.16600     
epoch           train_acc       test_acc        time         
10              0.83150         0.74900         7.39300      
20              0.70240         0.65300         6.55706      
30              0.47210         0.47100         6.56285      
40              0.50720         0.49200         6.57783      
50              0.58000         0.56400         7.47288      
0               0.58000         0.56400         34.56417     
epoch           train_acc       test_acc        time         
10              0.81290         0.74000         7.39712      
20              0.69030         0.63800         6.56143      
30              0.68320         0.65200         6.56051      
40              0.64530         0.59900         6.56052      
50              0.50000         0.50000         7.46383      
0               0.50000         0.50000         34.54405     
epoch           train_acc       test_acc        time         
10              0.82360         0.73600         7.55567      
20              0.63440         0.61400         6.73517      
30              0.52040         0.52100         6.59464      
40              0.52040         0.51700         6.54026      
50              0.50000         0.50000         7.42283      
0               0.50000         0.50000         34.84920     
epoch           train_acc       test_acc        time         
10              0.83410         0.74200         7.30588      
20              0.74120         0.66600         6.52118      
30              0.68960         0.63400         6.52130      
40              0.67740         0.62800         6.52099      
50              0.49770         0.50000         7.44160      
0               0.49770         0.50000         34.31157     
epoch           train_acc       test_acc        time         
10              0.81890         0.74100         7.65569      
20              0.63520         0.61300         6.56883      
30              0.58520         0.57800         6.56645      
40              0.58280         0.57000         6.56829      
50              0.50000         0.50000         7.46216      
0               0.50000         0.50000         34.82196     
epoch           train_acc       test_acc        time         
10              0.81040         0.71500         7.36936      
20              0.60820         0.54600         6.58598      
30              0.48130         0.45800         6.58481      
40              0.47930         0.46100         6.58525      
50              0.61460         0.58900         7.48974      
0               0.61460         0.58900         34.61569     
epoch           train_acc       test_acc        time         
10              0.82720         0.76200         7.33386      
20              0.74880         0.69300         6.53952      
30              0.75130         0.69100         6.54293      
40              0.61350         0.59600         6.54514      
50              0.48950         0.49100         7.43593      
0               0.48950         0.49100         34.39794     
epoch           train_acc       test_acc        time         
10              0.82940         0.74400         7.42241      
20              0.65260         0.59700         6.61557      
30              0.63000         0.58700         6.62147      
40              0.58760         0.55500         6.62521      
50              0.64440         0.59200         7.54084      
0               0.64440         0.59200         34.82607     
epoch           train_acc       test_acc        time         
10              0.82600         0.74800         7.32919      
20              0.64960         0.59700         6.55088      
30              0.62820         0.59700         6.54881      
40              0.57810         0.55200         6.53750      
50              0.58380         0.55400         7.42528      
0               0.58380         0.55400         34.39227     
58
epoch           train_acc       test_acc        time         
10              0.83680         0.75800         7.65405      
20              0.51800         0.51100         6.87247      
30              0.48740         0.45300         6.87771      
40              0.47790         0.44500         6.87408      
50              0.68610         0.65000         7.77572      
0               0.68610         0.65000         36.05470     
epoch           train_acc       test_acc        time         
10              0.82970         0.76000         7.35944      
20              0.71850         0.65800         6.58970      
30              0.66510         0.63700         6.59299      
40              0.66950         0.63500         6.59435      
50              0.64980         0.61400         7.49267      
0               0.64980         0.61400         34.62978     
epoch           train_acc       test_acc        time         
10              0.82920         0.73600         7.43894      
20              0.59480         0.56200         6.66100      
30              0.51250         0.49000         6.65279      
40              0.50490         0.48300         6.66404      
50              0.50000         0.50000         7.57795      
0               0.50000         0.50000         34.99528     
epoch           train_acc       test_acc        time         
10              0.82950         0.76000         7.33903      
20              0.76050         0.69600         6.50156      
30              0.74490         0.69300         6.50871      
40              0.69530         0.67800         6.50032      
50              0.50000         0.50000         7.39439      
0               0.50000         0.50000         34.24458     
epoch           train_acc       test_acc        time         
10              0.82610         0.73100         7.34158      
20              0.57500         0.53900         6.56272      
30              0.53980         0.51700         6.55872      
40              0.49080         0.48200         6.55984      
50              0.65370         0.65900         7.45798      
0               0.65370         0.65900         34.48140     
epoch           train_acc       test_acc        time         
10              0.82650         0.75900         7.36229      
20              0.72630         0.65200         6.56946      
30              0.66770         0.60900         6.57171      
40              0.65820         0.60300         6.57202      
50              0.58840         0.55200         7.55379      
0               0.58840         0.55200         34.62987     
epoch           train_acc       test_acc        time         
10              0.83500         0.76200         7.39683      
20              0.47410         0.45800         6.60830      
30              0.46360         0.47300         6.61401      
40              0.46870         0.47600         6.61925      
50              0.58080         0.55800         7.51174      
0               0.58080         0.55800         34.75079     
epoch           train_acc       test_acc        time         
10              0.83050         0.76900         7.59099      
20              0.63510         0.57600         6.81596      
30              0.59790         0.54000         6.82197      
40              0.61670         0.57100         6.53692      
50              0.50130         0.50300         7.39058      
0               0.50130         0.50300         35.15705     
epoch           train_acc       test_acc        time         
10              0.84060         0.76600         7.38351      
20              0.66660         0.61600         6.59897      
30              0.63160         0.58900         6.59989      
40              0.66520         0.63000         6.60153      
50              0.50000         0.50000         7.50968      
0               0.50000         0.50000         34.69416     
epoch           train_acc       test_acc        time         
10              0.83020         0.74500         7.38669      
20              0.62210         0.60700         6.59016      
30              0.56400         0.56400         6.59317      
40              0.52740         0.51400         6.59496      
50              0.64780         0.61100         7.53537      
0               0.64780         0.61100         34.70103     
59
epoch           train_acc       test_acc        time         
10              0.83140         0.76000         7.36171      
20              0.64450         0.61000         6.57351      
30              0.48340         0.44200         6.57672      
40              0.46840         0.43500         6.57600      
50              0.56410         0.54400         7.45938      
0               0.56410         0.54400         34.54791     
epoch           train_acc       test_acc        time         
10              0.84340         0.74900         7.32348      
20              0.76480         0.69200         6.53043      
30              0.74260         0.68700         6.52862      
40              0.78670         0.71700         6.54618      
50              0.50000         0.50000         7.41231      
0               0.50000         0.50000         34.34160     
epoch           train_acc       test_acc        time         
10              0.83540         0.75400         7.43627      
20              0.64120         0.61200         6.63923      
30              0.58030         0.56400         6.64315      
40              0.57770         0.55900         6.64617      
50              0.68210         0.64500         7.51310      
0               0.68210         0.64500         34.87852     
epoch           train_acc       test_acc        time         
10              0.83190         0.75700         7.31748      
20              0.67390         0.63500         6.53149      
30              0.65130         0.60300         6.53191      
40              0.65790         0.60300         6.53529      
50              0.60460         0.57300         7.42860      
0               0.60460         0.57300         34.34540     
epoch           train_acc       test_acc        time         
10              0.83640         0.76900         7.31722      
20              0.49240         0.46900         6.52848      
30              0.46730         0.43500         6.52160      
40              0.46580         0.43500         6.52504      
50              0.50470         0.50200         7.41513      
0               0.50470         0.50200         34.30807     
epoch           train_acc       test_acc        time         
10              0.83130         0.73700         7.32296      
20              0.65520         0.59700         6.54288      
30              0.66000         0.60900         6.54942      
40              0.62750         0.58000         6.55360      
50              0.62020         0.60200         7.43991      
0               0.62020         0.60200         34.40936     
epoch           train_acc       test_acc        time         
10              0.84430         0.74900         7.32762      
20              0.65160         0.63700         6.53734      
30              0.58360         0.56200         6.54048      
40              0.57830         0.54500         6.53980      
50              0.50000         0.50000         7.46163      
0               0.50000         0.50000         34.40748     
epoch           train_acc       test_acc        time         
10              0.83890         0.75500         7.37523      
20              0.66170         0.59900         6.59403      
30              0.63920         0.59700         6.59739      
40              0.60510         0.55400         6.59407      
50              0.78720         0.71800         7.48621      
0               0.78720         0.71800         34.64751     
epoch           train_acc       test_acc        time         
10              0.83070         0.75700         7.31905      
20              0.65930         0.62400         6.53098      
30              0.58900         0.53800         6.53064      
40              0.56040         0.52300         6.53591      
50              0.56310         0.55400         7.43517      
0               0.56310         0.55400         34.35234     
epoch           train_acc       test_acc        time         
10              0.81500         0.74600         7.40468      
20              0.68400         0.63700         6.61218      
30              0.64170         0.59800         6.62250      
40              0.62460         0.61000         6.62792      
50              0.64780         0.60800         7.52299      
0               0.64780         0.60800         34.79087     
60
epoch           train_acc       test_acc        time         
10              0.82560         0.74300         7.56393      
20              0.66140         0.61600         6.77772      
30              0.63870         0.60600         6.77688      
40              0.49550         0.50400         6.70841      
50              0.59140         0.57000         7.65048      
0               0.59140         0.57000         35.47800     
epoch           train_acc       test_acc        time         
10              0.82120         0.75900         7.34553      
20              0.63060         0.59600         6.56788      
30              0.54220         0.52200         6.55953      
40              0.50870         0.50300         6.55968      
50              0.50000         0.50000         7.45767      
0               0.50000         0.50000         34.49085     
epoch           train_acc       test_acc        time         
10              0.83560         0.76800         7.52014      
20              0.65120         0.59400         6.75327      
30              0.60730         0.55700         6.75950      
40              0.63780         0.58100         6.76291      
50              0.61670         0.58900         7.64371      
0               0.61670         0.58900         35.44012     
epoch           train_acc       test_acc        time         
10              0.83650         0.75200         7.55058      
20              0.74330         0.67800         6.58696      
30              0.75270         0.68900         6.57712      
40              0.71130         0.65400         6.57682      
50              0.50220         0.49900         7.48896      
0               0.50220         0.49900         34.78106     
epoch           train_acc       test_acc        time         
10              0.82970         0.72100         7.60948      
20              0.56890         0.55500         6.82130      
30              0.55760         0.53700         6.71682      
40              0.55240         0.52800         6.57483      
50              0.61400         0.60000         7.48841      
0               0.61400         0.60000         35.21142     
epoch           train_acc       test_acc        time         
10              0.84620         0.75300         7.68206      
20              0.72630         0.67200         6.89519      
30              0.71330         0.65100         6.88855      
40              0.72210         0.64800         6.89713      
50              0.50000         0.50000         8.08357      
0               0.50000         0.50000         36.44709     
epoch           train_acc       test_acc        time         
10              0.83270         0.75500         8.75836      
20              0.70940         0.68000         6.80137      
30              0.66660         0.65200         6.61617      
40              0.67340         0.65400         6.61684      
50              0.64720         0.63800         7.52961      
0               0.64720         0.63800         36.32292     
epoch           train_acc       test_acc        time         
10              0.83780         0.75200         7.54371      
20              0.57450         0.55100         6.77022      
30              0.47310         0.45600         6.77024      
40              0.48030         0.48400         6.77636      
50              0.50000         0.50000         7.68948      
0               0.50000         0.50000         35.55059     
epoch           train_acc       test_acc        time         
10              0.81180         0.75000         7.60206      
20              0.68310         0.62400         6.64491      
30              0.59540         0.57400         6.60823      
40              0.57370         0.56100         6.60493      
50              0.50000         0.50000         7.52010      
0               0.50000         0.50000         34.98084     
epoch           train_acc       test_acc        time         
10              0.82210         0.75100         7.61141      
20              0.76840         0.69200         6.80046      
30              0.65560         0.62100         6.76911      
40              0.66010         0.62300         6.55657      
50              0.54110         0.53400         7.42015      
0               0.54110         0.53400         35.15829     
61
epoch           train_acc       test_acc        time         
10              0.83490         0.76600         7.68502      
20              0.73610         0.69300         6.90493      
30              0.74940         0.69100         6.90867      
40              0.49780         0.48300         6.90192      
50              0.50000         0.50000         7.77290      
0               0.50000         0.50000         36.17407     
epoch           train_acc       test_acc        time         
10              0.81890         0.73400         7.68594      
20              0.52330         0.49300         6.89219      
30              0.57860         0.54900         6.89540      
40              0.55810         0.53000         6.88426      
50              0.50000         0.50000         7.79026      
0               0.50000         0.50000         36.14864     
epoch           train_acc       test_acc        time         
10              0.83010         0.76200         7.40119      
20              0.73960         0.68600         6.59593      
30              0.70350         0.64600         6.59227      
40              0.66580         0.61500         6.59285      
50              0.50000         0.50000         7.48496      
0               0.50000         0.50000         34.66778     
epoch           train_acc       test_acc        time         
10              0.84280         0.75100         7.54843      
20              0.70010         0.68400         6.75078      
30              0.71460         0.67400         6.61004      
40              0.43330         0.42200         6.57236      
50              0.50000         0.50000         7.45492      
0               0.50000         0.50000         34.93708     
epoch           train_acc       test_acc        time         
10              0.83100         0.76100         7.56500      
20              0.74060         0.68600         6.77918      
30              0.71490         0.66700         6.78224      
40              0.69970         0.63900         6.76406      
50              0.64880         0.63700         7.47248      
0               0.64880         0.63700         35.36354     
epoch           train_acc       test_acc        time         
10              0.83410         0.74800         7.58202      
20              0.68030         0.64000         6.78879      
30              0.64060         0.60300         6.79130      
40              0.64840         0.61000         6.79407      
50              0.53710         0.51400         7.69163      
0               0.53710         0.51400         35.64841     
epoch           train_acc       test_acc        time         
10              0.84200         0.74700         7.58306      
20              0.63760         0.60200         6.79153      
30              0.60200         0.57000         6.78421      
40              0.61990         0.58900         6.79400      
50              0.50000         0.50000         7.69585      
0               0.50000         0.50000         35.64926     
epoch           train_acc       test_acc        time         
10              0.83890         0.75900         7.55797      
20              0.58660         0.53400         6.61975      
30              0.48030         0.46200         6.56834      
40              0.44740         0.41000         6.57169      
50              0.56000         0.53100         7.45831      
0               0.56000         0.53100         34.77665     
epoch           train_acc       test_acc        time         
10              0.84790         0.74900         7.55076      
20              0.52690         0.51800         6.76768      
30              0.50730         0.49400         6.75919      
40              0.50060         0.49400         6.55428      
50              0.50000         0.50000         7.44992      
0               0.50000         0.50000         35.08244     
epoch           train_acc       test_acc        time         
10              0.83080         0.76400         7.56995      
20              0.59300         0.54600         6.80308      
30              0.52820         0.48100         6.79003      
40              0.49960         0.46400         6.78862      
50              0.67980         0.65100         7.65713      
0               0.67980         0.65100         35.60944     
62
epoch           train_acc       test_acc        time         
10              0.81890         0.75400         7.59230      
20              0.74570         0.67300         6.81114      
30              0.48070         0.47800         6.81134      
40              0.42300         0.42600         6.81464      
50              0.50000         0.50000         7.73773      
0               0.50000         0.50000         35.76773     
epoch           train_acc       test_acc        time         
10              0.82400         0.74800         7.42889      
20              0.73260         0.66600         6.61806      
30              0.66860         0.63000         6.60593      
40              0.55660         0.53600         6.59991      
50              0.67440         0.63500         7.50945      
0               0.67440         0.63500         34.76283     
epoch           train_acc       test_acc        time         
10              0.83270         0.76000         7.58112      
20              0.69370         0.64100         6.77578      
30              0.53780         0.51000         6.56577      
40              0.53000         0.49800         6.56283      
50              0.50000         0.50000         7.44546      
0               0.50000         0.50000         34.93152     
epoch           train_acc       test_acc        time         
10              0.83300         0.76600         7.68732      
20              0.55240         0.54200         6.89878      
30              0.53970         0.53900         6.89772      
40              0.49970         0.50200         6.88366      
50              0.65500         0.65400         7.72023      
0               0.65500         0.65400         36.08831     
epoch           train_acc       test_acc        time         
10              0.83360         0.74200         7.64179      
20              0.63990         0.60000         6.84790      
30              0.60280         0.56600         6.84383      
40              0.63570         0.60000         6.84921      
50              0.68510         0.65000         7.73719      
0               0.68510         0.65000         35.92053     
epoch           train_acc       test_acc        time         
10              0.83060         0.74100         7.65217      
20              0.67770         0.58700         6.86857      
30              0.69830         0.62700         6.86037      
40              0.67060         0.62200         6.87756      
50              0.64900         0.61900         7.76986      
0               0.64900         0.61900         36.02912     
epoch           train_acc       test_acc        time         
10              0.83440         0.73800         7.53450      
20              0.67450         0.62000         6.53237      
30              0.61500         0.57700         6.51862      
40              0.60610         0.57100         6.51764      
50              0.64290         0.60700         7.40085      
0               0.64290         0.60700         34.50458     
epoch           train_acc       test_acc        time         
10              0.83480         0.75400         7.59129      
20              0.74130         0.68200         6.80783      
30              0.71810         0.66600         6.79917      
40              0.68480         0.63400         6.63544      
50              0.65200         0.62500         7.49892      
0               0.65200         0.62500         35.33324     
epoch           train_acc       test_acc        time         
10              0.80950         0.74700         7.52136      
20              0.76040         0.68500         6.73563      
30              0.74080         0.68000         6.74103      
40              0.69480         0.64800         6.74443      
50              0.60580         0.58800         7.60898      
0               0.60580         0.58800         35.35203     
epoch           train_acc       test_acc        time         
10              0.82170         0.74400         7.68892      
20              0.50660         0.48400         6.91063      
30              0.50310         0.51200         6.90965      
40              0.50640         0.52100         6.91207      
50              0.64050         0.60700         7.81543      
0               0.64050         0.60700         36.23745     
66
epoch           train_acc       test_acc        time         
10              0.82760         0.73700         7.61543      
20              0.58950         0.54800         6.58489      
30              0.54480         0.50100         6.59154      
40              0.48190         0.45100         6.59378      
50              0.50000         0.50000         7.48720      
0               0.50000         0.50000         34.87342     
epoch           train_acc       test_acc        time         
10              0.83260         0.75700         7.60167      
20              0.72920         0.68400         6.84778      
30              0.67060         0.64800         6.75907      
40              0.66060         0.64800         6.58108      
50              0.50000         0.50000         7.47765      
0               0.50000         0.50000         35.26784     
epoch           train_acc       test_acc        time         
10              0.83900         0.75100         7.61924      
20              0.70280         0.66800         6.82078      
30              0.66140         0.62800         6.81784      
40              0.62880         0.59200         6.82652      
50              0.66970         0.63900         7.58765      
0               0.66970         0.63900         35.67263     
epoch           train_acc       test_acc        time         
10              0.83920         0.76000         7.60702      
20              0.53320         0.49700         6.83094      
30              0.61410         0.59500         6.83127      
40              0.60940         0.59100         6.83268      
50              0.50000         0.50000         7.72859      
0               0.50000         0.50000         35.83107     
epoch           train_acc       test_acc        time         
10              0.81860         0.74800         7.77433      
20              0.70220         0.64200         6.98572      
30              0.66980         0.62300         6.97821      
40              0.58410         0.54300         6.98330      
50              0.50000         0.50000         7.88103      
0               0.50000         0.50000         36.60318     
epoch           train_acc       test_acc        time         
10              0.82610         0.75000         7.62652      
20              0.53220         0.49200         6.63400      
30              0.52320         0.52000         6.57110      
40              0.55000         0.53900         6.56884      
50              0.63450         0.60100         7.45161      
0               0.63450         0.60100         34.85267     
epoch           train_acc       test_acc        time         
10              0.83880         0.76600         7.63239      
20              0.58910         0.53400         6.85104      
30              0.55100         0.49800         6.84363      
40              0.54440         0.49900         6.66227      
50              0.50000         0.50000         7.54388      
0               0.50000         0.50000         35.53380     
epoch           train_acc       test_acc        time         
10              0.82420         0.75000         7.64620      
20              0.62750         0.59200         6.86010      
30              0.58910         0.55600         6.86588      
40              0.58110         0.55600         6.86845      
50              0.59130         0.54700         7.73506      
0               0.59130         0.54700         35.97629     
epoch           train_acc       test_acc        time         
10              0.82570         0.75100         7.72751      
20              0.61090         0.57100         6.94512      
30              0.51050         0.50800         6.94155      
40              0.50660         0.49700         6.94321      
50              0.59590         0.58200         7.86737      
0               0.59590         0.58200         36.42535     
epoch           train_acc       test_acc        time         
10              0.83840         0.77200         7.46792      
20              0.82010         0.71300         6.62991      
30              0.78290         0.72200         6.62981      
40              0.79570         0.72100         6.62894      
50              0.60360         0.58900         7.52769      
0               0.60360         0.58900         34.88485     
