hello
/projects/bejr/janezdu/sparseIRM-resnet-ver/.venv/bin/python
54
epoch           train_acc       test_acc        time         
10              0.82010         0.78700         41.08690     
20              0.83790         0.78300         6.59512      
30              0.85320         0.77300         6.58616      
40              0.87600         0.76700         6.58815      
50              0.86300         0.75200         6.63527      
0               0.86300         0.75200         67.50768     
epoch           train_acc       test_acc        time         
10              0.83890         0.78700         7.75433      
20              0.85020         0.77900         6.61771      
30              0.86090         0.77200         6.62872      
40              0.87270         0.76400         6.63618      
50              0.89880         0.76600         6.64700      
0               0.89880         0.76600         34.28483     
epoch           train_acc       test_acc        time         
10              0.81500         0.77600         7.50891      
20              0.82320         0.77300         6.66937      
30              0.81880         0.76000         6.64265      
40              0.84990         0.77700         6.65922      
50              0.87930         0.76700         6.66673      
0               0.87930         0.76700         34.14764     
epoch           train_acc       test_acc        time         
10              0.82700         0.78000         7.48591      
20              0.84140         0.77800         6.68322      
30              0.85920         0.77000         6.66781      
40              0.85910         0.77100         6.66264      
50              0.89040         0.76600         6.64247      
0               0.89040         0.76600         34.14292     
epoch           train_acc       test_acc        time         
10              0.83000         0.78200         7.45787      
20              0.82210         0.77600         6.67045      
30              0.84900         0.78200         6.69466      
40              0.86250         0.75700         6.69019      
50              0.87090         0.78000         6.69222      
0               0.87090         0.78000         34.20630     
epoch           train_acc       test_acc        time         
10              0.81950         0.79100         7.45200      
20              0.83790         0.78000         6.65591      
30              0.84980         0.76900         6.66222      
40              0.85160         0.76700         6.66980      
50              0.87020         0.76200         6.68135      
0               0.87020         0.76200         34.12218     
epoch           train_acc       test_acc        time         
10              0.81480         0.77500         7.56183      
20              0.82150         0.76400         6.68996      
30              0.85770         0.77000         6.69062      
40              0.86010         0.75700         6.68728      
50              0.87660         0.76100         6.68734      
0               0.87660         0.76100         34.31781     
epoch           train_acc       test_acc        time         
10              0.81380         0.76400         7.40540      
20              0.84440         0.77500         6.62785      
30              0.85470         0.78600         6.64560      
40              0.86380         0.78100         6.62095      
50              0.86830         0.74300         6.66190      
0               0.86830         0.74300         33.96261     
epoch           train_acc       test_acc        time         
10              0.80950         0.76300         7.68251      
20              0.83560         0.78500         10.60089     
30              0.85090         0.76700         6.80429      
40              0.85880         0.76100         6.78812      
50              0.87410         0.76400         6.79277      
0               0.87410         0.76400         38.69093     
epoch           train_acc       test_acc        time         
10              0.81040         0.77100         14.13856     
20              0.83210         0.78600         6.70709      
30              0.85590         0.77500         6.68223      
40              0.87300         0.77400         6.69657      
50              0.86630         0.77500         6.71229      
0               0.86630         0.77500         40.93767     
58
epoch           train_acc       test_acc        time         
10              0.79950         0.75500         7.49002      
20              0.83130         0.76800         6.68418      
30              0.85720         0.77500         6.68964      
40              0.86880         0.76600         6.68767      
50              0.88200         0.78100         6.68439      
0               0.88200         0.78100         34.23678     
epoch           train_acc       test_acc        time         
10              0.83000         0.77900         7.41583      
20              0.84240         0.78800         6.63631      
30              0.85100         0.75600         6.62701      
40              0.87240         0.75100         6.62259      
50              0.88130         0.76700         6.62333      
0               0.88130         0.76700         33.92600     
epoch           train_acc       test_acc        time         
10              0.84070         0.77800         7.49281      
20              0.84850         0.77000         6.65243      
30              0.85220         0.77600         6.62251      
40              0.86760         0.79000         6.63847      
50              0.87550         0.76000         6.65011      
0               0.87550         0.76000         34.05725     
epoch           train_acc       test_acc        time         
10              0.81990         0.76900         7.45739      
20              0.84560         0.77400         6.64887      
30              0.84410         0.76300         6.61408      
40              0.85230         0.75500         6.59186      
50              0.88630         0.76100         6.60084      
0               0.88630         0.76100         33.91402     
epoch           train_acc       test_acc        time         
10              0.82600         0.78300         7.48375      
20              0.84440         0.77900         6.68126      
30              0.85680         0.77100         6.70591      
40              0.83540         0.76200         6.69327      
50              0.87350         0.77400         6.70289      
0               0.87350         0.77400         34.26799     
epoch           train_acc       test_acc        time         
10              0.81780         0.77700         7.52620      
20              0.78360         0.74000         6.71803      
30              0.83260         0.76700         6.57153      
40              0.85680         0.77700         6.57531      
50              0.87700         0.77800         6.62542      
0               0.87700         0.77800         34.01729     
epoch           train_acc       test_acc        time         
10              0.82170         0.76900         7.45241      
20              0.81970         0.75700         6.64522      
30              0.82520         0.75900         6.63223      
40              0.83170         0.75400         6.65568      
50              0.86760         0.78100         6.63695      
0               0.86760         0.78100         34.02330     
epoch           train_acc       test_acc        time         
10              0.83170         0.78200         7.50230      
20              0.83860         0.77200         6.69295      
30              0.85430         0.78800         6.68727      
40              0.87860         0.76200         6.68742      
50              0.87840         0.75400         6.68724      
0               0.87840         0.75400         34.25806     
epoch           train_acc       test_acc        time         
10              0.82780         0.78200         7.59361      
20              0.83050         0.76700         6.62871      
30              0.86390         0.78500         6.59892      
40              0.86820         0.76700         6.59834      
50              0.88300         0.76000         6.60380      
0               0.88300         0.76000         34.02417     
epoch           train_acc       test_acc        time         
10              0.82180         0.77500         7.45286      
20              0.83080         0.77400         6.69858      
30              0.85180         0.77900         6.68653      
40              0.87050         0.77300         6.67754      
50              0.86630         0.77100         6.66771      
0               0.86630         0.77100         34.18413     
59
epoch           train_acc       test_acc        time         
10              0.81140         0.77100         7.36074      
20              0.84670         0.79000         6.69691      
30              0.86100         0.78700         6.54718      
40              0.86600         0.77800         6.54182      
50              0.88220         0.76400         6.67429      
0               0.88220         0.76400         33.82192     
epoch           train_acc       test_acc        time         
10              0.80130         0.77600         7.44560      
20              0.83480         0.75300         6.65789      
30              0.84570         0.75400         6.64378      
40              0.86890         0.75800         6.64660      
50              0.87190         0.75300         6.64851      
0               0.87190         0.75300         34.04333     
epoch           train_acc       test_acc        time         
10              0.80350         0.78400         7.47508      
20              0.84250         0.80100         6.71016      
30              0.86130         0.78500         6.68296      
40              0.86180         0.77300         6.68304      
50              0.88210         0.75900         6.67900      
0               0.88210         0.75900         34.23107     
epoch           train_acc       test_acc        time         
10              0.83100         0.79700         7.38876      
20              0.85060         0.78500         6.74820      
30              0.85190         0.77400         6.72524      
40              0.86990         0.77100         6.61669      
50              0.87940         0.77000         6.63108      
0               0.87940         0.77000         34.11072     
epoch           train_acc       test_acc        time         
10              0.81590         0.77800         7.38860      
20              0.83940         0.78200         6.59201      
30              0.84950         0.77100         6.60031      
40              0.83420         0.76600         6.60341      
50              0.85440         0.76200         6.59211      
0               0.85440         0.76200         33.77735     
epoch           train_acc       test_acc        time         
10              0.83450         0.77800         7.52556      
20              0.85150         0.78000         6.68686      
30              0.85290         0.76900         6.69315      
40              0.86800         0.75800         6.69414      
50              0.86900         0.75200         6.87302      
0               0.86900         0.75200         34.47420     
epoch           train_acc       test_acc        time         
10              0.80920         0.77200         7.42170      
20              0.82940         0.79000         6.64424      
30              0.83170         0.76700         6.64354      
40              0.86030         0.76900         6.62548      
50              0.85220         0.77200         6.63572      
0               0.85220         0.77200         33.97149     
epoch           train_acc       test_acc        time         
10              0.82890         0.77100         7.46382      
20              0.84310         0.78000         6.67623      
30              0.84720         0.76300         6.67317      
40              0.85220         0.77600         6.68718      
50              0.87050         0.76400         6.64299      
0               0.87050         0.76400         34.14428     
epoch           train_acc       test_acc        time         
10              0.81150         0.77300         7.32788      
20              0.83210         0.76900         6.52885      
30              0.86200         0.77500         6.52518      
40              0.87290         0.76600         6.52456      
50              0.86620         0.74800         6.51571      
0               0.86620         0.74800         33.42305     
epoch           train_acc       test_acc        time         
10              0.81700         0.77600         7.48651      
20              0.84480         0.78000         6.69178      
30              0.84810         0.78000         6.67668      
40              0.87030         0.77100         6.69658      
50              0.87110         0.78100         6.68079      
0               0.87110         0.78100         34.23319     
60
epoch           train_acc       test_acc        time         
10              0.81550         0.77400         7.45841      
20              0.82140         0.76100         6.61145      
30              0.84160         0.76500         6.60222      
40              0.86700         0.77700         6.60113      
50              0.87340         0.76700         6.59824      
0               0.87340         0.76700         33.87228     
epoch           train_acc       test_acc        time         
10              0.83370         0.77600         7.46409      
20              0.86400         0.79700         6.66020      
30              0.86340         0.75100         6.67974      
40              0.87320         0.78600         6.68049      
50              0.87360         0.73900         6.66847      
0               0.87360         0.73900         34.15390     
epoch           train_acc       test_acc        time         
10              0.82550         0.76600         7.45636      
20              0.84060         0.79500         6.65469      
30              0.83160         0.76600         6.64612      
40              0.86450         0.78100         6.82948      
50              0.87870         0.77600         6.81714      
0               0.87870         0.77600         34.40472     
epoch           train_acc       test_acc        time         
10              0.79910         0.75900         7.49691      
20              0.84740         0.77300         6.71208      
30              0.84980         0.77500         6.71584      
40              0.86490         0.76900         6.72970      
50              0.88850         0.77000         6.69855      
0               0.88850         0.77000         34.35388     
epoch           train_acc       test_acc        time         
10              0.82760         0.77500         7.47105      
20              0.84020         0.79000         6.67192      
30              0.83970         0.77500         6.66541      
40              0.88110         0.77800         6.68084      
50              0.88110         0.76600         6.66075      
0               0.88110         0.76600         34.15077     
epoch           train_acc       test_acc        time         
10              0.80870         0.75600         7.32771      
20              0.83900         0.77400         6.51705      
30              0.84820         0.77000         6.52793      
40              0.86200         0.78000         6.52074      
50              0.87570         0.76300         6.51745      
0               0.87570         0.76300         33.41163     
epoch           train_acc       test_acc        time         
10              0.82320         0.79400         7.43327      
20              0.85800         0.77900         6.62621      
30              0.86760         0.78400         6.64144      
40              0.87740         0.77700         6.62501      
50              0.88790         0.76300         6.64328      
0               0.88790         0.76300         33.97008     
epoch           train_acc       test_acc        time         
10              0.81790         0.77200         7.43557      
20              0.84070         0.78100         6.63147      
30              0.84290         0.77400         6.67346      
40              0.86660         0.77500         6.68814      
50              0.87970         0.76000         6.66893      
0               0.87970         0.76000         34.09848     
epoch           train_acc       test_acc        time         
10              0.81690         0.76900         7.41931      
20              0.82010         0.76000         6.64486      
30              0.83270         0.76700         6.64169      
40              0.85050         0.76000         6.65271      
50              0.87320         0.77200         6.63024      
0               0.87320         0.77200         33.98975     
epoch           train_acc       test_acc        time         
10              0.80270         0.77900         7.38051      
20              0.83080         0.77600         6.59611      
30              0.86200         0.79000         6.57977      
40              0.87190         0.75900         6.57270      
50              0.89070         0.75900         6.57151      
0               0.89070         0.75900         33.70138     
61
epoch           train_acc       test_acc        time         
10              0.80340         0.74600         7.46936      
20              0.83400         0.77600         6.56692      
30              0.84320         0.78800         6.56623      
40              0.85310         0.78500         6.56113      
50              0.87090         0.78800         6.58000      
0               0.87090         0.78800         33.74440     
epoch           train_acc       test_acc        time         
10              0.83910         0.78000         7.52309      
20              0.82860         0.75900         6.70538      
30              0.86230         0.77200         6.70206      
40              0.86950         0.78000         6.68224      
50              0.86290         0.77800         6.66595      
0               0.86290         0.77800         34.27950     
epoch           train_acc       test_acc        time         
10              0.83500         0.78900         7.54491      
20              0.85180         0.79500         6.75268      
30              0.85600         0.78500         6.76173      
40              0.87050         0.77300         6.74416      
50              0.86870         0.77500         6.73884      
0               0.86870         0.77500         34.54324     
epoch           train_acc       test_acc        time         
10              0.82510         0.78300         7.35672      
20              0.80840         0.75500         6.57741      
30              0.85180         0.75700         6.57167      
40              0.86520         0.78300         6.56067      
50              0.87980         0.76100         6.56016      
0               0.87980         0.76100         33.62744     
epoch           train_acc       test_acc        time         
10              0.80890         0.76200         7.47081      
20              0.82940         0.75200         6.67522      
30              0.84240         0.77000         6.65327      
40              0.85460         0.75100         6.67470      
50              0.86030         0.76000         6.65921      
0               0.86030         0.76000         34.13399     
epoch           train_acc       test_acc        time         
10              0.81220         0.75900         7.43873      
20              0.84080         0.78500         6.64944      
30              0.83150         0.76900         6.63682      
40              0.86230         0.77500         6.64013      
50              0.86010         0.77100         6.65075      
0               0.86010         0.77100         34.01674     
epoch           train_acc       test_acc        time         
10              0.81760         0.77200         7.43984      
20              0.82130         0.76400         6.66839      
30              0.82700         0.74800         6.64291      
40              0.84790         0.75700         6.65840      
50              0.87220         0.74600         6.66293      
0               0.87220         0.74600         34.07330     
epoch           train_acc       test_acc        time         
10              0.79170         0.75200         7.43918      
20              0.81590         0.75400         6.62911      
30              0.84880         0.78600         6.62106      
40              0.85110         0.78000         6.61035      
50              0.87450         0.77400         6.63191      
0               0.87450         0.77400         33.93243     
epoch           train_acc       test_acc        time         
10              0.82640         0.78100         7.51187      
20              0.82270         0.77400         6.73869      
30              0.84550         0.78000         6.72945      
40              0.87100         0.77300         6.73619      
50              0.87300         0.74500         6.73241      
0               0.87300         0.74500         34.44953     
epoch           train_acc       test_acc        time         
10              0.81000         0.76800         7.41686      
20              0.84070         0.78400         6.67500      
30              0.85080         0.76900         6.68946      
40              0.85210         0.78200         6.65654      
50              0.87470         0.76600         6.66731      
0               0.87470         0.76600         34.10608     
62
epoch           train_acc       test_acc        time         
10              0.82880         0.77600         7.38148      
20              0.82910         0.77100         6.59082      
30              0.85600         0.76600         6.59595      
40              0.86090         0.77400         6.58503      
50              0.88190         0.75500         6.58649      
0               0.88190         0.75500         33.74069     
epoch           train_acc       test_acc        time         
10              0.81470         0.79000         7.32151      
20              0.83620         0.79000         6.51119      
30              0.83720         0.76900         6.51612      
40              0.87140         0.76700         6.51740      
50              0.86310         0.74800         6.51470      
0               0.86310         0.74800         33.38171     
epoch           train_acc       test_acc        time         
10              0.83310         0.78000         7.41579      
20              0.83510         0.77100         6.64448      
30              0.85230         0.78000         6.66219      
40              0.86120         0.76600         6.65939      
50              0.88310         0.77200         6.64259      
0               0.88310         0.77200         34.02532     
epoch           train_acc       test_acc        time         
10              0.82510         0.78200         7.44603      
20              0.82900         0.77400         6.65070      
30              0.86020         0.78000         6.64068      
40              0.86210         0.76700         6.64575      
50              0.87450         0.75700         6.66125      
0               0.87450         0.75700         34.04534     
epoch           train_acc       test_acc        time         
10              0.81400         0.78100         7.40416      
20              0.84840         0.78500         6.88065      
30              0.83780         0.77200         6.90580      
40              0.85130         0.76700         6.89998      
50              0.87980         0.78700         6.88714      
0               0.87980         0.78700         34.97867     
epoch           train_acc       test_acc        time         
10              0.82240         0.76700         7.45503      
20              0.83540         0.76900         6.64578      
30              0.85510         0.78300         6.65385      
40              0.88340         0.76900         6.64488      
50              0.88410         0.76600         6.65588      
0               0.88410         0.76600         34.05634     
epoch           train_acc       test_acc        time         
10              0.81850         0.78200         7.46129      
20              0.83260         0.75900         6.66549      
30              0.85020         0.76700         6.68230      
40              0.84630         0.76600         6.66042      
50              0.86130         0.74700         6.67022      
0               0.86130         0.74700         34.14069     
epoch           train_acc       test_acc        time         
10              0.81810         0.77900         7.50134      
20              0.82870         0.77500         6.68122      
30              0.85580         0.78300         6.68081      
40              0.88170         0.77800         6.68665      
50              0.87460         0.76600         6.68815      
0               0.87460         0.76600         34.23910     
epoch           train_acc       test_acc        time         
10              0.84280         0.78100         7.43485      
20              0.84660         0.77700         6.63992      
30              0.85310         0.76700         6.63255      
40              0.86980         0.77800         6.64595      
50              0.88690         0.77300         6.63199      
0               0.88690         0.77300         33.98613     
epoch           train_acc       test_acc        time         
10              0.81180         0.77200         7.44825      
20              0.80610         0.75300         6.64883      
30              0.85270         0.76800         6.63465      
40              0.86890         0.77700         6.63459      
50              0.87450         0.76900         6.64697      
0               0.87450         0.76900         34.01410     
66
epoch           train_acc       test_acc        time         
10              0.82810         0.78300         7.42083      
20              0.83660         0.78500         6.64804      
30              0.85370         0.77900         6.61551      
40              0.86960         0.76400         6.62875      
50              0.87590         0.76200         6.61879      
0               0.87590         0.76200         33.93273     
epoch           train_acc       test_acc        time         
10              0.80100         0.77200         7.44369      
20              0.84250         0.78000         6.63858      
30              0.85420         0.76500         6.64139      
40              0.86610         0.76100         6.65234      
50              0.88730         0.77300         6.63917      
0               0.88730         0.77300         34.01607     
epoch           train_acc       test_acc        time         
10              0.82750         0.78300         7.39409      
20              0.83190         0.77000         6.65432      
30              0.85580         0.78300         6.88897      
40              0.88150         0.78400         6.84780      
50              0.89250         0.76800         6.85018      
0               0.89250         0.76800         34.63630     
epoch           train_acc       test_acc        time         
10              0.82600         0.78000         7.46865      
20              0.83720         0.78200         6.66789      
30              0.84970         0.77500         6.67544      
40              0.85800         0.76000         6.68340      
50              0.88290         0.75400         6.67194      
0               0.88290         0.75400         34.16814     
epoch           train_acc       test_acc        time         
10              0.81850         0.76400         7.44971      
20              0.83130         0.78200         6.64511      
30              0.83630         0.76600         6.63264      
40              0.85950         0.76300         6.64083      
50              0.87060         0.76200         6.65416      
0               0.87060         0.76200         34.02326     
epoch           train_acc       test_acc        time         
10              0.81220         0.78100         7.46382      
20              0.82470         0.76900         6.64592      
30              0.84960         0.76100         6.68468      
40              0.86710         0.77500         6.66905      
50              0.87500         0.76500         6.66578      
0               0.87500         0.76500         34.13023     
epoch           train_acc       test_acc        time         
10              0.81490         0.78100         7.40842      
20              0.82600         0.77700         6.62153      
30              0.84200         0.76200         6.61581      
40              0.85860         0.76900         6.60403      
50              0.87400         0.77300         6.62073      
0               0.87400         0.77300         33.87143     
epoch           train_acc       test_acc        time         
10              0.82980         0.78100         7.50594      
20              0.84760         0.78900         6.73374      
30              0.86470         0.77600         6.70726      
40              0.87240         0.77700         6.70135      
50              0.86270         0.77100         6.71684      
0               0.86270         0.77100         34.36606     
epoch           train_acc       test_acc        time         
10              0.83240         0.78600         7.40706      
20              0.82340         0.77100         6.59560      
30              0.84210         0.77100         6.58892      
40              0.86940         0.78200         6.59450      
50              0.88840         0.77200         6.59214      
0               0.88840         0.77200         33.77905     
epoch           train_acc       test_acc        time         
10              0.83840         0.78600         7.73133      
20              0.85910         0.78200         6.91366      
30              0.85900         0.78100         6.73191      
40              0.86120         0.76700         6.78381      
50              0.86890         0.76400         6.82005      
0               0.86890         0.76400         34.98162     
