hello
/projects/bejr/janezdu/sparseIRM-resnet-ver/.venv/bin/python
34
epoch           train_acc       test_acc        time         
10              0.82360         0.75400         47.12138     
20              0.68450         0.65300         6.63132      
30              0.66090         0.63800         6.55040      
40              0.59990         0.59400         6.57457      
50              0.50000         0.50000         8.52926      
0               0.50000         0.50000         75.40754     
epoch           train_acc       test_acc        time         
10              0.83240         0.76000         7.71551      
20              0.52080         0.47600         6.81776      
30              0.51020         0.48600         6.93192      
40              0.50300         0.47400         6.93441      
50              0.50000         0.50000         7.80682      
0               0.50000         0.50000         36.20706     
epoch           train_acc       test_acc        time         
10              0.82110         0.71700         7.54937      
20              0.72290         0.65800         6.53324      
30              0.65270         0.61100         6.51308      
40              0.64120         0.59200         6.51198      
50              0.65460         0.61700         7.43938      
0               0.65460         0.61700         34.54777     
epoch           train_acc       test_acc        time         
10              0.84480         0.76900         7.54309      
20              0.66770         0.60600         6.77462      
30              0.52630         0.49800         6.81107      
40              0.50980         0.48000         6.60872      
50              0.58280         0.55300         7.45622      
0               0.58280         0.55300         35.19440     
epoch           train_acc       test_acc        time         
10              0.85190         0.77000         7.39563      
20              0.58790         0.54800         6.60407      
30              0.54800         0.50000         6.59593      
40              0.54600         0.50500         6.75246      
50              0.57890         0.55300         7.68214      
0               0.57890         0.55300         35.03096     
epoch           train_acc       test_acc        time         
10              0.81800         0.74400         7.88578      
20              0.56120         0.54700         6.78936      
30              0.49080         0.46800         6.61321      
40              0.48520         0.45800         6.51997      
50              0.61040         0.59000         7.38156      
0               0.61040         0.59000         35.19056     
epoch           train_acc       test_acc        time         
10              0.81840         0.74200         7.74840      
20              0.69900         0.67400         6.84693      
30              0.68060         0.67000         6.73986      
40              0.63600         0.64500         6.84661      
50              0.50000         0.50000         7.71502      
0               0.50000         0.50000         35.89751     
epoch           train_acc       test_acc        time         
10              0.83280         0.74300         7.53285      
20              0.67500         0.65600         6.78900      
30              0.64820         0.63400         6.79176      
40              0.64210         0.62400         6.74413      
50              0.57860         0.55400         7.35441      
0               0.57860         0.55400         35.21275     
epoch           train_acc       test_acc        time         
10              0.80390         0.71800         7.58617      
20              0.53900         0.50100         6.83686      
30              0.49750         0.46200         6.83431      
40              0.49420         0.45400         6.77811      
50              0.50000         0.50000         7.67458      
0               0.50000         0.50000         35.71071     
epoch           train_acc       test_acc        time         
10              0.83190         0.76100         7.58012      
20              0.54430         0.49100         6.80444      
30              0.48470         0.43300         6.80270      
40              0.48860         0.45200         6.80631      
50              0.57110         0.55200         7.70633      
0               0.57110         0.55200         35.70052     
85
epoch           train_acc       test_acc        time         
10              0.84200         0.74200         7.49537      
20              0.71010         0.63800         6.59847      
30              0.47290         0.44500         6.51737      
40              0.39300         0.42200         6.51948      
50              0.59560         0.56200         7.39521      
0               0.59560         0.56200         34.52647     
epoch           train_acc       test_acc        time         
10              0.82850         0.74900         7.64788      
20              0.73030         0.68700         6.87602      
30              0.71140         0.67100         6.83860      
40              0.63690         0.62800         6.73917      
50              0.50000         0.50000         7.69627      
0               0.50000         0.50000         35.79865     
epoch           train_acc       test_acc        time         
10              0.84120         0.77100         7.25781      
20              0.66490         0.62300         6.47559      
30              0.62320         0.60000         6.47330      
40              0.64790         0.62700         6.46359      
50              0.50070         0.50000         7.34372      
0               0.50070         0.50000         34.01475     
epoch           train_acc       test_acc        time         
10              0.83110         0.73700         7.42387      
20              0.74770         0.67000         6.61800      
30              0.57770         0.57900         6.62165      
40              0.52410         0.52900         6.60016      
50              0.61030         0.58500         7.49506      
0               0.61030         0.58500         34.75933     
epoch           train_acc       test_acc        time         
10              0.83500         0.76000         7.52318      
20              0.63570         0.60000         6.79930      
30              0.61200         0.55500         6.81226      
40              0.62970         0.59400         6.79476      
50              0.57190         0.56200         7.67361      
0               0.57190         0.56200         35.60379     
epoch           train_acc       test_acc        time         
10              0.83540         0.75900         7.26168      
20              0.43150         0.42600         6.48348      
30              0.45600         0.46600         6.47845      
40              0.49280         0.50200         6.49246      
50              0.50000         0.50000         7.35381      
0               0.50000         0.50000         34.07060     
epoch           train_acc       test_acc        time         
10              0.83870         0.76400         7.64390      
20              0.57870         0.54100         6.84784      
30              0.56160         0.51600         6.83653      
40              0.53890         0.50700         6.59254      
50              0.50020         0.50000         7.45080      
0               0.50020         0.50000         35.37226     
epoch           train_acc       test_acc        time         
10              0.83630         0.75000         7.35494      
20              0.65200         0.61800         6.57206      
30              0.62460         0.59700         6.55117      
40              0.62890         0.60100         6.55046      
50              0.50000         0.50000         7.43548      
0               0.50000         0.50000         34.46478     
epoch           train_acc       test_acc        time         
10              0.82050         0.74900         7.32541      
20              0.69710         0.65600         6.57158      
30              0.54650         0.52800         6.53281      
40              0.50920         0.49600         6.44909      
50              0.50940         0.50500         7.31257      
0               0.50940         0.50500         34.19216     
epoch           train_acc       test_acc        time         
10              0.83330         0.73700         7.69933      
20              0.65780         0.61700         6.95295      
30              0.61460         0.59300         6.72176      
40              0.56320         0.54100         6.68076      
50              0.50000         0.50000         7.59529      
0               0.50000         0.50000         35.65077     
70
epoch           train_acc       test_acc        time         
10              0.84180         0.76900         7.31652      
20              0.58190         0.56000         6.51782      
30              0.52200         0.50100         6.50306      
40              0.50770         0.49600         6.47822      
50              0.55820         0.55000         7.38087      
0               0.55820         0.55000         34.19722     
epoch           train_acc       test_acc        time         
10              0.83220         0.74000         7.57569      
20              0.60860         0.60300         6.76970      
30              0.68230         0.65000         6.78818      
40              0.66670         0.63300         6.77451      
50              0.62190         0.60800         7.61625      
0               0.62190         0.60800         35.52494     
epoch           train_acc       test_acc        time         
10              0.83660         0.76200         7.48309      
20              0.58590         0.55700         6.70833      
30              0.54290         0.51800         6.70354      
40              0.53340         0.51400         6.71083      
50              0.62340         0.60400         7.60803      
0               0.62340         0.60400         35.21447     
epoch           train_acc       test_acc        time         
10              0.81930         0.73600         7.56036      
20              0.48180         0.47300         6.69853      
30              0.48590         0.49100         6.52135      
40              0.48630         0.48700         6.50041      
50              0.61240         0.59700         7.38953      
0               0.61240         0.59700         34.67079     
epoch           train_acc       test_acc        time         
10              0.82920         0.76200         7.52934      
20              0.78570         0.71100         6.74433      
30              0.75400         0.68300         6.74158      
40              0.69490         0.66000         6.67001      
50              0.50000         0.50000         7.39218      
0               0.50000         0.50000         35.07800     
epoch           train_acc       test_acc        time         
10              0.84050         0.75900         7.51115      
20              0.62370         0.59800         6.71628      
30              0.58070         0.54300         6.72395      
40              0.57810         0.55200         6.73913      
50              0.67770         0.63200         7.61016      
0               0.67770         0.63200         35.30132     
epoch           train_acc       test_acc        time         
10              0.84690         0.74700         7.64237      
20              0.70850         0.65700         6.86245      
30              0.58200         0.55600         6.87008      
40              0.57690         0.55800         6.85577      
50              0.56190         0.54200         7.75528      
0               0.56190         0.54200         35.98665     
epoch           train_acc       test_acc        time         
10              0.83230         0.76600         7.40610      
20              0.66990         0.63500         6.67083      
30              0.66440         0.62300         6.71626      
40              0.65210         0.60000         6.71992      
50              0.49270         0.49500         7.66555      
0               0.49270         0.49500         35.17929     
epoch           train_acc       test_acc        time         
10              0.83970         0.75000         7.74815      
20              0.65260         0.62000         6.88811      
30              0.63180         0.58700         6.57977      
40              0.58540         0.56300         6.57500      
50              0.59010         0.55500         7.44854      
0               0.59010         0.55500         35.24023     
epoch           train_acc       test_acc        time         
10              0.81610         0.75000         7.58586      
20              0.66020         0.63900         6.77619      
30              0.60380         0.58100         6.78822      
40              0.57300         0.56900         6.77275      
50              0.60850         0.57900         7.61184      
0               0.60850         0.57900         35.53546     
50
epoch           train_acc       test_acc        time         
10              0.82920         0.75800         7.55812      
20              0.76020         0.69400         6.78792      
30              0.74450         0.70000         6.79732      
40              0.46830         0.48300         6.84833      
50              0.50000         0.50000         7.77106      
0               0.50000         0.50000         35.76332     
epoch           train_acc       test_acc        time         
10              0.83300         0.75500         7.24530      
20              0.63270         0.59900         6.44392      
30              0.64730         0.60500         6.44008      
40              0.50380         0.48800         6.41986      
50              0.50000         0.50000         7.33228      
0               0.50000         0.50000         33.88206     
epoch           train_acc       test_acc        time         
10              0.82510         0.76000         7.58798      
20              0.49990         0.50000         6.79043      
30              0.46980         0.47900         6.61117      
40              0.47190         0.48200         6.57770      
50              0.54730         0.51100         7.45794      
0               0.54730         0.51100         35.02586     
epoch           train_acc       test_acc        time         
10              0.82240         0.76700         7.62753      
20              0.59760         0.56400         6.85973      
30              0.48530         0.47900         6.79193      
40              0.47700         0.48100         6.78930      
50              0.63640         0.61600         7.55947      
0               0.63640         0.61600         35.62862     
epoch           train_acc       test_acc        time         
10              0.82330         0.74300         7.65952      
20              0.79460         0.71500         6.85148      
30              0.77990         0.71600         6.87633      
40              0.66160         0.62200         6.82052      
50              0.50000         0.50000         7.73810      
0               0.50000         0.50000         35.94656     
epoch           train_acc       test_acc        time         
10              0.81590         0.74800         7.37791      
20              0.70990         0.64600         6.51349      
30              0.68030         0.60400         6.50693      
40              0.67610         0.63100         6.50120      
50              0.58760         0.56400         7.37830      
0               0.58760         0.56400         34.27847     
epoch           train_acc       test_acc        time         
10              0.82260         0.72700         7.54870      
20              0.64770         0.61900         6.71691      
30              0.51160         0.50000         6.79018      
40              0.50820         0.49900         6.63421      
50              0.62310         0.60000         7.43413      
0               0.62310         0.60000         35.12477     
epoch           train_acc       test_acc        time         
10              0.83910         0.74900         7.46344      
20              0.74730         0.66900         6.59073      
30              0.77200         0.69800         6.59449      
40              0.74780         0.68100         6.58301      
50              0.59660         0.53400         7.46449      
0               0.59660         0.53400         34.69675     
epoch           train_acc       test_acc        time         
10              0.82370         0.74400         7.55577      
20              0.67440         0.63600         6.76978      
30              0.60230         0.56500         6.77004      
40              0.59220         0.55900         6.75259      
50              0.52330         0.52200         7.59860      
0               0.52330         0.52200         35.44736     
epoch           train_acc       test_acc        time         
10              0.83780         0.73800         7.67757      
20              0.68900         0.66500         6.89522      
30              0.62800         0.62200         6.84244      
40              0.58190         0.55900         6.65495      
50              0.50000         0.50000         7.47587      
0               0.50000         0.50000         35.54662     
